// Jest Snapshot v1, https://goo.gl/fbAQLP

exports[`Storyshots Images Avatar 1`] = `
<div>
  <div>
    <img
      alt="et-logo"
      className="sc-gzVnrw gLuTiB"
      src="https://via.placeholder.com/150"
    />
    <img
      alt="et-logo"
      className="sc-gzVnrw bkwHgH"
      height="40px"
      src="https://via.placeholder.com/150"
      width="40px"
    />
  </div>
  <p>
    Usually, we need circular image for purpose like user profile, or article image. You can use this Avatar component. It has
     
    <code>
      25px
    </code>
     as height, width and border-radius. If you want different size, just pass it with :
     
    <code>
      height, width or borderRadius
    </code>
     props.
  </p>
</div>
`;

exports[`Storyshots Images Banner 1`] = `
<div>
  <div
    style={
      Object {
        "height": 30,
        "width": 100,
      }
    }
  >
    <img
      alt="et-banner"
      className="sc-htoDjs NugAK"
      src="https://via.placeholder.com/100"
    />
  </div>
  <div
    style={
      Object {
        "height": 100,
        "marginTop": 8,
        "width": 200,
      }
    }
  >
    <img
      alt="et-banner"
      className="sc-htoDjs goirLA"
      src="https://via.placeholder.com/200"
    />
  </div>
  <p>
    BannerImage component can be used for carousel image. It will fill the container div, because it's height and width has 100% value. You can also pass 
    <code>
      borderRadius
    </code>
     props too.
  </p>
</div>
`;

exports[`Storyshots Typography Heading Text 1`] = `
<div>
  <p
    className="sc-bdVaJa sc-bwzfXH fqsuLO"
  >
    Hello, this is H1 text
  </p>
  <p
    className="sc-bdVaJa sc-htpNat inWroF"
  >
    Hello, this is H2 text
  </p>
  <p
    className="sc-bdVaJa sc-bxivhb hPqboO"
  >
    Hello, this is H3 text
  </p>
  <p
    className="sc-bdVaJa sc-ifAKCX bTWOUX"
  >
    Hello, this is H4 text
  </p>
  <p
    className="sc-bdVaJa sc-EHOje bIbXyg"
  >
    Hello, this is H5 text
  </p>
  <p>
    Heading text used for title or preface of article. With this component you able to wrap your text and select it's size using 
    <code>
      type
    </code>
     
    props. When there's no props, it will automatically set to h1.
  </p>
</div>
`;

exports[`Storyshots Typography Helper Text 1`] = `
<div>
  <h6
    className="sc-bZQynM jOnGsq"
  >
    Use me for additional text
  </h6>
  <h6
    className="sc-bZQynM ksyaTy"
    color="blue"
  >
    Blue label text
  </h6>
  <p>
    This text component is for labelling. You can pass 
    <code>
      color
    </code>
     
    props to change it's color.
  </p>
</div>
`;
